2026-09-02 09:06:16 [INFO] matplotlib.font_manager: Failed to extract font properties from /usr/share/fonts/truetype/unifont/unifont_sample.ttf: Could not set the fontsize (invalid pixel size; error code 0x17)
2026-09-02 09:06:16 [INFO] matplotlib.font_manager: Failed to extract font properties from /usr/share/fonts/truetype/noto/NotoColorEmoji.ttf: Can not load face (unknown file format; error code 0x2)
2026-09-02 09:06:16 [INFO] matplotlib.font_manager: generated new fontManager
2026-09-02 13:00:05 [WARNING] matplotlib.style.core: In /Users/georgii/Library/Python/3.9/lib/python/site-packages/matplotlib/mpl-data/stylelib/classic.mplstyle: 'parseString' deprecated - use 'parse_string'
2026-09-02 13:00:05 [WARNING] matplotlib.style.core: In /Users/georgii/Library/Python/3.9/lib/python/site-packages/matplotlib/mpl-data/stylelib/classic.mplstyle: 'resetCache' deprecated - use 'reset_cache'
2026-09-02 13:00:05 [WARNING] matplotlib.style.core: In /Users/georgii/Library/Python/3.9/lib/python/site-packages/matplotlib/mpl-data/stylelib/classic.mplstyle: 'parseString' deprecated - use 'parse_string'
2026-09-02 13:00:05 [WARNING] matplotlib.style.core: In /Users/georgii/Library/Python/3.9/lib/python/site-packages/matplotlib/mpl-data/stylelib/classic.mplstyle: 'resetCache' deprecated - use 'reset_cache'
2026-09-02 13:00:05 [WARNING] matplotlib.style.core: In /Users/georgii/Library/Python/3.9/lib/python/site-packages/matplotlib/mpl-data/stylelib/classic.mplstyle: 'parseString' deprecated - use 'parse_string'
2026-09-02 13:00:05 [WARNING] matplotlib.style.core: In /Users/georgii/Library/Python/3.9/lib/python/site-packages/matplotlib/mpl-data/stylelib/classic.mplstyle: 'resetCache' deprecated - use 'reset_cache'
2026-09-02 13:00:05 [WARNING] matplotlib.style.core: In /Users/georgii/Library/Python/3.9/lib/python/site-packages/matplotlib/mpl-data/stylelib/classic.mplstyle: 'parseString' deprecated - use 'parse_string'
2026-09-02 13:00:05 [WARNING] matplotlib.style.core: In /Users/georgii/Library/Python/3.9/lib/python/site-packages/matplotlib/mpl-data/stylelib/classic.mplstyle: 'resetCache' deprecated - use 'reset_cache'
2026-09-02 13:26:07 [WARNING] matplotlib.style.core: In /Users/georgii/Library/Python/3.9/lib/python/site-packages/matplotlib/mpl-data/stylelib/classic.mplstyle: 'parseString' deprecated - use 'parse_string'
2026-09-02 13:26:07 [WARNING] matplotlib.style.core: In /Users/georgii/Library/Python/3.9/lib/python/site-packages/matplotlib/mpl-data/stylelib/classic.mplstyle: 'resetCache' deprecated - use 'reset_cache'
2026-09-02 13:26:07 [WARNING] matplotlib.style.core: In /Users/georgii/Library/Python/3.9/lib/python/site-packages/matplotlib/mpl-data/stylelib/classic.mplstyle: 'parseString' deprecated - use 'parse_string'
2026-09-02 13:26:07 [WARNING] matplotlib.style.core: In /Users/georgii/Library/Python/3.9/lib/python/site-packages/matplotlib/mpl-data/stylelib/classic.mplstyle: 'resetCache' deprecated - use 'reset_cache'
2026-09-02 13:26:07 [WARNING] matplotlib.style.core: In /Users/georgii/Library/Python/3.9/lib/python/site-packages/matplotlib/mpl-data/stylelib/classic.mplstyle: 'parseString' deprecated - use 'parse_string'
2026-09-02 13:26:07 [WARNING] matplotlib.style.core: In /Users/georgii/Library/Python/3.9/lib/python/site-packages/matplotlib/mpl-data/stylelib/classic.mplstyle: 'resetCache' deprecated - use 'reset_cache'
2026-09-02 13:26:07 [WARNING] matplotlib.style.core: In /Users/georgii/Library/Python/3.9/lib/python/site-packages/matplotlib/mpl-data/stylelib/classic.mplstyle: 'parseString' deprecated - use 'parse_string'
2026-09-02 13:26:07 [WARNING] matplotlib.style.core: In /Users/georgii/Library/Python/3.9/lib/python/site-packages/matplotlib/mpl-data/stylelib/classic.mplstyle: 'resetCache' deprecated - use 'reset_cache'
2026-09-02 17:05:59 [WARNING] matplotlib.style.core: In /Users/georgii/Library/Python/3.9/lib/python/site-packages/matplotlib/mpl-data/stylelib/classic.mplstyle: 'parseString' deprecated - use 'parse_string'
2026-09-02 17:05:59 [WARNING] matplotlib.style.core: In /Users/georgii/Library/Python/3.9/lib/python/site-packages/matplotlib/mpl-data/stylelib/classic.mplstyle: 'resetCache' deprecated - use 'reset_cache'
2026-09-02 17:05:59 [WARNING] matplotlib.style.core: In /Users/georgii/Library/Python/3.9/lib/python/site-packages/matplotlib/mpl-data/stylelib/classic.mplstyle: 'parseString' deprecated - use 'parse_string'
2026-09-02 17:05:59 [WARNING] matplotlib.style.core: In /Users/georgii/Library/Python/3.9/lib/python/site-packages/matplotlib/mpl-data/stylelib/classic.mplstyle: 'resetCache' deprecated - use 'reset_cache'
2026-09-02 17:05:59 [WARNING] matplotlib.style.core: In /Users/georgii/Library/Python/3.9/lib/python/site-packages/matplotlib/mpl-data/stylelib/classic.mplstyle: 'parseString' deprecated - use 'parse_string'
2026-09-02 17:05:59 [WARNING] matplotlib.style.core: In /Users/georgii/Library/Python/3.9/lib/python/site-packages/matplotlib/mpl-data/stylelib/classic.mplstyle: 'resetCache' deprecated - use 'reset_cache'
2026-09-02 17:05:59 [WARNING] matplotlib.style.core: In /Users/georgii/Library/Python/3.9/lib/python/site-packages/matplotlib/mpl-data/stylelib/classic.mplstyle: 'parseString' deprecated - use 'parse_string'
2026-09-02 17:05:59 [WARNING] matplotlib.style.core: In /Users/georgii/Library/Python/3.9/lib/python/site-packages/matplotlib/mpl-data/stylelib/classic.mplstyle: 'resetCache' deprecated - use 'reset_cache'
2026-09-02 17:09:51 [WARNING] matplotlib.style.core: In /Users/georgii/Library/Python/3.9/lib/python/site-packages/matplotlib/mpl-data/stylelib/classic.mplstyle: 'parseString' deprecated - use 'parse_string'
2026-09-02 17:09:51 [WARNING] matplotlib.style.core: In /Users/georgii/Library/Python/3.9/lib/python/site-packages/matplotlib/mpl-data/stylelib/classic.mplstyle: 'resetCache' deprecated - use 'reset_cache'
2026-09-02 17:09:51 [WARNING] matplotlib.style.core: In /Users/georgii/Library/Python/3.9/lib/python/site-packages/matplotlib/mpl-data/stylelib/classic.mplstyle: 'parseString' deprecated - use 'parse_string'
2026-09-02 17:09:51 [WARNING] matplotlib.style.core: In /Users/georgii/Library/Python/3.9/lib/python/site-packages/matplotlib/mpl-data/stylelib/classic.mplstyle: 'resetCache' deprecated - use 'reset_cache'
2026-09-02 17:09:51 [WARNING] matplotlib.style.core: In /Users/georgii/Library/Python/3.9/lib/python/site-packages/matplotlib/mpl-data/stylelib/classic.mplstyle: 'parseString' deprecated - use 'parse_string'
2026-09-02 17:09:51 [WARNING] matplotlib.style.core: In /Users/georgii/Library/Python/3.9/lib/python/site-packages/matplotlib/mpl-data/stylelib/classic.mplstyle: 'resetCache' deprecated - use 'reset_cache'
2026-09-02 17:09:51 [WARNING] matplotlib.style.core: In /Users/georgii/Library/Python/3.9/lib/python/site-packages/matplotlib/mpl-data/stylelib/classic.mplstyle: 'parseString' deprecated - use 'parse_string'
2026-09-02 17:09:51 [WARNING] matplotlib.style.core: In /Users/georgii/Library/Python/3.9/lib/python/site-packages/matplotlib/mpl-data/stylelib/classic.mplstyle: 'resetCache' deprecated - use 'reset_cache'
2026-09-02 17:13:43 [WARNING] matplotlib.style.core: In /Users/georgii/Library/Python/3.9/lib/python/site-packages/matplotlib/mpl-data/stylelib/classic.mplstyle: 'parseString' deprecated - use 'parse_string'
2026-09-02 17:13:43 [WARNING] matplotlib.style.core: In /Users/georgii/Library/Python/3.9/lib/python/site-packages/matplotlib/mpl-data/stylelib/classic.mplstyle: 'resetCache' deprecated - use 'reset_cache'
2026-09-02 17:13:43 [WARNING] matplotlib.style.core: In /Users/georgii/Library/Python/3.9/lib/python/site-packages/matplotlib/mpl-data/stylelib/classic.mplstyle: 'parseString' deprecated - use 'parse_string'
2026-09-02 17:13:43 [WARNING] matplotlib.style.core: In /Users/georgii/Library/Python/3.9/lib/python/site-packages/matplotlib/mpl-data/stylelib/classic.mplstyle: 'resetCache' deprecated - use 'reset_cache'
2026-09-02 17:13:43 [WARNING] matplotlib.style.core: In /Users/georgii/Library/Python/3.9/lib/python/site-packages/matplotlib/mpl-data/stylelib/classic.mplstyle: 'parseString' deprecated - use 'parse_string'
2026-09-02 17:13:43 [WARNING] matplotlib.style.core: In /Users/georgii/Library/Python/3.9/lib/python/site-packages/matplotlib/mpl-data/stylelib/classic.mplstyle: 'resetCache' deprecated - use 'reset_cache'
2026-09-02 17:13:43 [WARNING] matplotlib.style.core: In /Users/georgii/Library/Python/3.9/lib/python/site-packages/matplotlib/mpl-data/stylelib/classic.mplstyle: 'parseString' deprecated - use 'parse_string'
2026-09-02 17:13:43 [WARNING] matplotlib.style.core: In /Users/georgii/Library/Python/3.9/lib/python/site-packages/matplotlib/mpl-data/stylelib/classic.mplstyle: 'resetCache' deprecated - use 'reset_cache'
2026-09-02 17:16:01 [WARNING] matplotlib.style.core: In /Users/georgii/Library/Python/3.9/lib/python/site-packages/matplotlib/mpl-data/stylelib/classic.mplstyle: 'parseString' deprecated - use 'parse_string'
2026-09-02 17:16:01 [WARNING] matplotlib.style.core: In /Users/georgii/Library/Python/3.9/lib/python/site-packages/matplotlib/mpl-data/stylelib/classic.mplstyle: 'resetCache' deprecated - use 'reset_cache'
2026-09-02 17:16:01 [WARNING] matplotlib.style.core: In /Users/georgii/Library/Python/3.9/lib/python/site-packages/matplotlib/mpl-data/stylelib/classic.mplstyle: 'parseString' deprecated - use 'parse_string'
2026-09-02 17:16:01 [WARNING] matplotlib.style.core: In /Users/georgii/Library/Python/3.9/lib/python/site-packages/matplotlib/mpl-data/stylelib/classic.mplstyle: 'resetCache' deprecated - use 'reset_cache'
2026-09-02 17:16:01 [WARNING] matplotlib.style.core: In /Users/georgii/Library/Python/3.9/lib/python/site-packages/matplotlib/mpl-data/stylelib/classic.mplstyle: 'parseString' deprecated - use 'parse_string'
2026-09-02 17:16:01 [WARNING] matplotlib.style.core: In /Users/georgii/Library/Python/3.9/lib/python/site-packages/matplotlib/mpl-data/stylelib/classic.mplstyle: 'resetCache' deprecated - use 'reset_cache'
2026-09-02 17:16:01 [WARNING] matplotlib.style.core: In /Users/georgii/Library/Python/3.9/lib/python/site-packages/matplotlib/mpl-data/stylelib/classic.mplstyle: 'parseString' deprecated - use 'parse_string'
2026-09-02 17:16:01 [WARNING] matplotlib.style.core: In /Users/georgii/Library/Python/3.9/lib/python/site-packages/matplotlib/mpl-data/stylelib/classic.mplstyle: 'resetCache' deprecated - use 'reset_cache'
2026-09-02 17:17:40 [WARNING] matplotlib.style.core: In /Users/georgii/Library/Python/3.9/lib/python/site-packages/matplotlib/mpl-data/stylelib/classic.mplstyle: 'parseString' deprecated - use 'parse_string'
2026-09-02 17:17:40 [WARNING] matplotlib.style.core: In /Users/georgii/Library/Python/3.9/lib/python/site-packages/matplotlib/mpl-data/stylelib/classic.mplstyle: 'resetCache' deprecated - use 'reset_cache'
2026-09-02 17:17:40 [WARNING] matplotlib.style.core: In /Users/georgii/Library/Python/3.9/lib/python/site-packages/matplotlib/mpl-data/stylelib/classic.mplstyle: 'parseString' deprecated - use 'parse_string'
2026-09-02 17:17:40 [WARNING] matplotlib.style.core: In /Users/georgii/Library/Python/3.9/lib/python/site-packages/matplotlib/mpl-data/stylelib/classic.mplstyle: 'resetCache' deprecated - use 'reset_cache'
2026-09-02 17:17:40 [WARNING] matplotlib.style.core: In /Users/georgii/Library/Python/3.9/lib/python/site-packages/matplotlib/mpl-data/stylelib/classic.mplstyle: 'parseString' deprecated - use 'parse_string'
2026-09-02 17:17:40 [WARNING] matplotlib.style.core: In /Users/georgii/Library/Python/3.9/lib/python/site-packages/matplotlib/mpl-data/stylelib/classic.mplstyle: 'resetCache' deprecated - use 'reset_cache'
2026-09-02 17:17:40 [WARNING] matplotlib.style.core: In /Users/georgii/Library/Python/3.9/lib/python/site-packages/matplotlib/mpl-data/stylelib/classic.mplstyle: 'parseString' deprecated - use 'parse_string'
2026-09-02 17:17:40 [WARNING] matplotlib.style.core: In /Users/georgii/Library/Python/3.9/lib/python/site-packages/matplotlib/mpl-data/stylelib/classic.mplstyle: 'resetCache' deprecated - use 'reset_cache'
2026-09-02 17:18:37 [WARNING] matplotlib.style.core: In /Users/georgii/Library/Python/3.9/lib/python/site-packages/matplotlib/mpl-data/stylelib/classic.mplstyle: 'parseString' deprecated - use 'parse_string'
2026-09-02 17:18:37 [WARNING] matplotlib.style.core: In /Users/georgii/Library/Python/3.9/lib/python/site-packages/matplotlib/mpl-data/stylelib/classic.mplstyle: 'resetCache' deprecated - use 'reset_cache'
2026-09-02 17:18:37 [WARNING] matplotlib.style.core: In /Users/georgii/Library/Python/3.9/lib/python/site-packages/matplotlib/mpl-data/stylelib/classic.mplstyle: 'parseString' deprecated - use 'parse_string'
2026-09-02 17:18:37 [WARNING] matplotlib.style.core: In /Users/georgii/Library/Python/3.9/lib/python/site-packages/matplotlib/mpl-data/stylelib/classic.mplstyle: 'resetCache' deprecated - use 'reset_cache'
2026-09-02 17:18:37 [WARNING] matplotlib.style.core: In /Users/georgii/Library/Python/3.9/lib/python/site-packages/matplotlib/mpl-data/stylelib/classic.mplstyle: 'parseString' deprecated - use 'parse_string'
2026-09-02 17:18:37 [WARNING] matplotlib.style.core: In /Users/georgii/Library/Python/3.9/lib/python/site-packages/matplotlib/mpl-data/stylelib/classic.mplstyle: 'resetCache' deprecated - use 'reset_cache'
2026-09-02 17:18:37 [WARNING] matplotlib.style.core: In /Users/georgii/Library/Python/3.9/lib/python/site-packages/matplotlib/mpl-data/stylelib/classic.mplstyle: 'parseString' deprecated - use 'parse_string'
2026-09-02 17:18:37 [WARNING] matplotlib.style.core: In /Users/georgii/Library/Python/3.9/lib/python/site-packages/matplotlib/mpl-data/stylelib/classic.mplstyle: 'resetCache' deprecated - use 'reset_cache'
2026-09-02 17:19:44 [WARNING] matplotlib.style.core: In /Users/georgii/Library/Python/3.9/lib/python/site-packages/matplotlib/mpl-data/stylelib/classic.mplstyle: 'parseString' deprecated - use 'parse_string'
2026-09-02 17:19:44 [WARNING] matplotlib.style.core: In /Users/georgii/Library/Python/3.9/lib/python/site-packages/matplotlib/mpl-data/stylelib/classic.mplstyle: 'resetCache' deprecated - use 'reset_cache'
2026-09-02 17:19:44 [WARNING] matplotlib.style.core: In /Users/georgii/Library/Python/3.9/lib/python/site-packages/matplotlib/mpl-data/stylelib/classic.mplstyle: 'parseString' deprecated - use 'parse_string'
2026-09-02 17:19:44 [WARNING] matplotlib.style.core: In /Users/georgii/Library/Python/3.9/lib/python/site-packages/matplotlib/mpl-data/stylelib/classic.mplstyle: 'resetCache' deprecated - use 'reset_cache'
2026-09-02 17:19:44 [WARNING] matplotlib.style.core: In /Users/georgii/Library/Python/3.9/lib/python/site-packages/matplotlib/mpl-data/stylelib/classic.mplstyle: 'parseString' deprecated - use 'parse_string'
2026-09-02 17:19:44 [WARNING] matplotlib.style.core: In /Users/georgii/Library/Python/3.9/lib/python/site-packages/matplotlib/mpl-data/stylelib/classic.mplstyle: 'resetCache' deprecated - use 'reset_cache'
2026-09-02 17:19:44 [WARNING] matplotlib.style.core: In /Users/georgii/Library/Python/3.9/lib/python/site-packages/matplotlib/mpl-data/stylelib/classic.mplstyle: 'parseString' deprecated - use 'parse_string'
2026-09-02 17:19:44 [WARNING] matplotlib.style.core: In /Users/georgii/Library/Python/3.9/lib/python/site-packages/matplotlib/mpl-data/stylelib/classic.mplstyle: 'resetCache' deprecated - use 'reset_cache'
